
@core
mesa
libva-mesa-driver
dbus
polkit
wayland
wayland-protocols
wayland-utils
pkgconf
brightnessctl
libnotify
xdg-utils
zip
unzip unrar

@repos

@network
networkmanager
tailscale
wireguard-tools

@audio
pipewire
pipewire-alsa
pipewire-pulse
pipewire-jack
wireplumber
pavucontrol
bluez
bluez-utils

@desktop
niri
fuzzel
fnott
waybar
kitty
foot
zathura
tmux
fish
starship
nwg-look
wlr-randr
swaylock
wl-clipboard
wtype
swaybg
xdg-desktop-portal
xdg-desktop-portal-gtk
xdg-desktop-portal-gnome
xwayland-satellite
grim
slurp
hyprpicker

@tools
btop
fastfetch
cava
yazi
zoxide
ripgrep
fd
fzf
jq
bat
eza
playerctl
ffmpeg
gparted
mesa-utils

@app
telegram-desktop
element-desktop
obs-studio
mpv
firefox
lutris
steam

@dev
neovim
emacs
jdk21-openjdk
gcc-libs
gcc
zig
go
make
perl-net-smtp-ssl
perl-io-socket-ssl
perl-mime-tools
cmake
python
python-pip
typst
docker
